// Jest Snapshot v1, https://goo.gl/fbAQLP

exports[`App component renders App 1`] = `
<BrowserRouter>
  <Header />
  <Switch>
    <Route
      component={[Function]}
      exact={true}
      path="/"
    />
    <Route
      component={[Function]}
      path="/albums/:artistId/:artistName"
    />
    <Route
      component={[Function]}
      path="/recordings/:albumId/:artistName"
    />
    <Route
      component={[Function]}
      path="/lyrics/:artistName/:recordingTitle"
    />
  </Switch>
</BrowserRouter>
`;
