// Jest Snapshot v1, https://goo.gl/fbAQLP

exports[`Lyrics component renders Lyrics 1`] = `
<section>
  <h1 />
  <h3>
    by 
  </h3>
  <pre />
</section>
`;
