// Jest Snapshot v1, https://goo.gl/fbAQLP

exports[`RecordingsList component renders RecordingsList 1`] = `
<Fragment>
  <section>
    <h1>
      Recordings
    </h1>
    <ul />
  </section>
</Fragment>
`;
